mode: set
git.sr.ht/~mytec/gosched/internal/errs/validators.go:16.41,18.2 1 0
git.sr.ht/~mytec/gosched/internal/errs/validators.go:20.41,22.2 1 0
git.sr.ht/~mytec/gosched/internal/errs/validators.go:30.53,31.36 1 1
git.sr.ht/~mytec/gosched/internal/errs/validators.go:31.36,33.26 2 0
git.sr.ht/~mytec/gosched/internal/errs/validators.go:33.26,35.18 2 0
git.sr.ht/~mytec/gosched/internal/errs/validators.go:35.18,37.5 1 0
git.sr.ht/~mytec/gosched/internal/errs/validators.go:39.3,39.13 1 0
git.sr.ht/~mytec/gosched/internal/errs/validators.go:43.62,44.33 1 1
git.sr.ht/~mytec/gosched/internal/errs/validators.go:44.33,46.26 2 0
git.sr.ht/~mytec/gosched/internal/errs/validators.go:46.26,48.18 2 0
git.sr.ht/~mytec/gosched/internal/errs/validators.go:48.18,50.5 1 0
git.sr.ht/~mytec/gosched/internal/errs/validators.go:52.3,52.13 1 0
git.sr.ht/~mytec/gosched/internal/errs/validators.go:56.32,57.13 1 1
git.sr.ht/~mytec/gosched/internal/errs/validators.go:57.13,58.41 1 1
git.sr.ht/~mytec/gosched/internal/errs/validators.go:60.2,60.30 1 1
git.sr.ht/~mytec/gosched/internal/errs/validators.go:60.30,61.19 1 1
git.sr.ht/~mytec/gosched/internal/errs/validators.go:61.19,63.4 1 1
git.sr.ht/~mytec/gosched/internal/errs/validators.go:65.3,65.13 1 1
git.sr.ht/~mytec/gosched/internal/errs/validators.go:69.57,70.13 1 0
git.sr.ht/~mytec/gosched/internal/errs/validators.go:70.13,72.3 1 0
git.sr.ht/~mytec/gosched/internal/errs/validators.go:74.2,75.19 2 0
git.sr.ht/~mytec/gosched/internal/errs/validators.go:75.19,77.3 1 0
git.sr.ht/~mytec/gosched/internal/errs/validators.go:79.2,79.18 1 0
git.sr.ht/~mytec/gosched/internal/errs/validators.go:79.18,81.3 1 0
git.sr.ht/~mytec/gosched/internal/errs/validators.go:83.2,83.12 1 0
git.sr.ht/~mytec/gosched/internal/errs/validators.go:86.38,87.13 1 0
git.sr.ht/~mytec/gosched/internal/errs/validators.go:87.13,89.3 1 0
git.sr.ht/~mytec/gosched/internal/errs/validators.go:91.2,91.12 1 0
git.sr.ht/~mytec/gosched/internal/errs/validators.go:94.42,95.13 1 0
git.sr.ht/~mytec/gosched/internal/errs/validators.go:95.13,97.3 1 0
git.sr.ht/~mytec/gosched/internal/errs/validators.go:99.2,99.32 1 0
git.sr.ht/~mytec/gosched/internal/errs/validators.go:99.32,101.3 1 0
git.sr.ht/~mytec/gosched/internal/errs/validators.go:103.2,103.12 1 0
git.sr.ht/~mytec/gosched/internal/errs/validators.go:106.45,110.16 3 0
git.sr.ht/~mytec/gosched/internal/errs/validators.go:110.16,112.3 1 0
git.sr.ht/~mytec/gosched/internal/errs/validators.go:114.2,114.12 1 0
git.sr.ht/~mytec/gosched/internal/errs/validators.go:117.34,118.27 1 1
git.sr.ht/~mytec/gosched/internal/errs/validators.go:118.27,119.14 1 1
git.sr.ht/~mytec/gosched/internal/errs/validators.go:119.14,121.4 1 1
git.sr.ht/~mytec/gosched/internal/errs/validators.go:123.3,123.13 1 1
git.sr.ht/~mytec/gosched/internal/errs/validators.go:127.37,128.11 1 0
git.sr.ht/~mytec/gosched/internal/errs/validators.go:128.11,130.3 1 0
git.sr.ht/~mytec/gosched/internal/errs/validators.go:132.2,132.12 1 0
git.sr.ht/~mytec/gosched/internal/schedule/decode.go:18.67,20.16 2 1
git.sr.ht/~mytec/gosched/internal/schedule/decode.go:20.16,22.3 1 1
git.sr.ht/~mytec/gosched/internal/schedule/decode.go:23.2,26.16 3 1
git.sr.ht/~mytec/gosched/internal/schedule/decode.go:26.16,28.3 1 1
git.sr.ht/~mytec/gosched/internal/schedule/decode.go:30.2,30.31 1 1
git.sr.ht/~mytec/gosched/internal/schedule/decode.go:30.31,32.3 1 0
git.sr.ht/~mytec/gosched/internal/schedule/decode.go:33.2,33.20 1 1
git.sr.ht/~mytec/gosched/internal/schedule/decode.go:39.61,46.16 6 1
git.sr.ht/~mytec/gosched/internal/schedule/decode.go:46.16,48.3 1 1
git.sr.ht/~mytec/gosched/internal/schedule/decode.go:51.2,52.16 2 1
git.sr.ht/~mytec/gosched/internal/schedule/decode.go:52.16,54.3 1 0
git.sr.ht/~mytec/gosched/internal/schedule/decode.go:54.8,54.36 1 1
git.sr.ht/~mytec/gosched/internal/schedule/decode.go:54.36,56.3 1 0
git.sr.ht/~mytec/gosched/internal/schedule/decode.go:59.2,60.31 2 1
git.sr.ht/~mytec/gosched/internal/schedule/decode.go:60.31,62.25 2 1
git.sr.ht/~mytec/gosched/internal/schedule/decode.go:62.25,64.4 1 1
git.sr.ht/~mytec/gosched/internal/schedule/decode.go:67.2,67.22 1 1
git.sr.ht/~mytec/gosched/internal/schedule/decode.go:67.22,69.3 1 1
git.sr.ht/~mytec/gosched/internal/schedule/decode.go:72.2,73.31 2 1
git.sr.ht/~mytec/gosched/internal/schedule/decode.go:73.31,75.17 2 1
git.sr.ht/~mytec/gosched/internal/schedule/decode.go:75.17,77.4 1 0
git.sr.ht/~mytec/gosched/internal/schedule/decode.go:79.3,80.46 2 1
git.sr.ht/~mytec/gosched/internal/schedule/decode.go:83.2,83.27 1 1
git.sr.ht/~mytec/gosched/internal/schedule/decode.go:86.55,88.83 2 1
git.sr.ht/~mytec/gosched/internal/schedule/decode.go:88.83,90.3 1 0
git.sr.ht/~mytec/gosched/internal/schedule/decode.go:92.2,94.16 3 1
git.sr.ht/~mytec/gosched/internal/schedule/decode.go:94.16,96.3 1 0
git.sr.ht/~mytec/gosched/internal/schedule/decode.go:97.2,97.27 1 1
git.sr.ht/~mytec/gosched/internal/schedule/locking.go:12.40,16.2 1 1
git.sr.ht/~mytec/gosched/internal/schedule/locking.go:18.46,22.2 3 0
git.sr.ht/~mytec/gosched/internal/schedule/locking.go:24.57,28.2 3 0
git.sr.ht/~mytec/gosched/internal/schedule/locking.go:30.58,36.2 4 0
git.sr.ht/~mytec/gosched/internal/schedule/schedule.go:9.39,11.27 2 0
git.sr.ht/~mytec/gosched/internal/schedule/schedule.go:11.27,13.3 1 0
git.sr.ht/~mytec/gosched/internal/schedule/schedule.go:14.2,14.14 1 0
git.sr.ht/~mytec/gosched/internal/schedule/schedule.go:17.61,19.2 1 0
git.sr.ht/~mytec/gosched/internal/schedule/workflow.go:22.38,26.21 3 1
git.sr.ht/~mytec/gosched/internal/schedule/workflow.go:26.21,28.3 1 1
git.sr.ht/~mytec/gosched/internal/schedule/workflow.go:30.2,31.21 2 1
git.sr.ht/~mytec/gosched/internal/schedule/workflow.go:31.21,33.3 1 1
git.sr.ht/~mytec/gosched/internal/schedule/workflow.go:35.2,35.23 1 1
git.sr.ht/~mytec/gosched/internal/schedule/workflow.go:35.23,37.3 1 1
git.sr.ht/~mytec/gosched/internal/schedule/workflow.go:39.2,39.32 1 1
git.sr.ht/~mytec/gosched/internal/schedule/workflow.go:39.32,41.22 2 1
git.sr.ht/~mytec/gosched/internal/schedule/workflow.go:41.22,43.4 1 1
git.sr.ht/~mytec/gosched/internal/schedule/workflow.go:45.3,46.22 2 1
git.sr.ht/~mytec/gosched/internal/schedule/workflow.go:46.22,48.4 1 1
git.sr.ht/~mytec/gosched/internal/schedule/workflow.go:50.3,51.22 2 1
git.sr.ht/~mytec/gosched/internal/schedule/workflow.go:51.22,53.4 1 1
git.sr.ht/~mytec/gosched/internal/schedule/workflow.go:55.3,56.22 2 1
git.sr.ht/~mytec/gosched/internal/schedule/workflow.go:56.22,58.4 1 1
git.sr.ht/~mytec/gosched/internal/schedule/workflow.go:60.3,61.22 2 1
git.sr.ht/~mytec/gosched/internal/schedule/workflow.go:61.22,63.4 1 1
git.sr.ht/~mytec/gosched/internal/schedule/workflow.go:66.2,66.18 1 1
git.sr.ht/~mytec/gosched/internal/platform/path_limit_darwin.go:6.26,8.2 1 0
git.sr.ht/~mytec/gosched/internal/logging/logging.go:27.60,43.2 3 0
git.sr.ht/~mytec/gosched/cmd/testprog/testprog.go:11.13,21.23 5 0
git.sr.ht/~mytec/gosched/cmd/testprog/testprog.go:21.23,23.3 1 0
git.sr.ht/~mytec/gosched/cmd/testprog/testprog.go:24.2,24.16 1 0
git.sr.ht/~mytec/gosched/cmd/testprog/testprog.go:24.16,26.3 1 0
git.sr.ht/~mytec/gosched/cmd/testprog/testprog.go:28.2,34.12 5 0
git.sr.ht/~mytec/gosched/cmd/testprog/testprog.go:37.35,45.2 1 0
git.sr.ht/~mytec/gosched/cmd/testprog/testprog.go:47.23,51.2 3 0
git.sr.ht/~mytec/gosched/cmd/gosched/main.go:25.13,27.2 1 0
git.sr.ht/~mytec/gosched/cmd/gosched/main.go:29.16,38.20 7 0
git.sr.ht/~mytec/gosched/cmd/gosched/main.go:38.20,42.3 3 0
git.sr.ht/~mytec/gosched/cmd/gosched/main.go:44.2,45.16 2 0
git.sr.ht/~mytec/gosched/cmd/gosched/main.go:45.16,48.3 2 0
git.sr.ht/~mytec/gosched/cmd/gosched/main.go:50.2,50.24 1 0
git.sr.ht/~mytec/gosched/cmd/gosched/main.go:50.24,53.3 2 0
git.sr.ht/~mytec/gosched/cmd/gosched/main.go:55.2,55.21 1 0
git.sr.ht/~mytec/gosched/cmd/gosched/main.go:55.21,58.3 2 0
git.sr.ht/~mytec/gosched/cmd/gosched/main.go:60.2,64.10 3 0
git.sr.ht/~mytec/gosched/cmd/gosched/main.go:67.35,69.2 1 0
git.sr.ht/~mytec/gosched/cmd/gosched/main.go:71.36,73.29 2 0
git.sr.ht/~mytec/gosched/cmd/gosched/main.go:73.29,75.3 1 0
git.sr.ht/~mytec/gosched/cmd/gosched/main.go:78.55,85.21 4 0
git.sr.ht/~mytec/gosched/cmd/gosched/main.go:85.21,88.12 3 0
git.sr.ht/~mytec/gosched/cmd/gosched/main.go:88.12,92.4 1 0
git.sr.ht/~mytec/gosched/cmd/gosched/main.go:96.63,101.21 4 0
git.sr.ht/~mytec/gosched/cmd/gosched/main.go:101.21,103.3 1 0
git.sr.ht/~mytec/gosched/cmd/gosched/main.go:105.2,105.29 1 0
git.sr.ht/~mytec/gosched/cmd/gosched/main.go:105.29,107.3 1 0
git.sr.ht/~mytec/gosched/cmd/gosched/main.go:108.2,108.19 1 0
git.sr.ht/~mytec/gosched/cmd/gosched/main.go:111.44,120.13 7 0
git.sr.ht/~mytec/gosched/cmd/gosched/main.go:120.13,123.3 2 0
git.sr.ht/~mytec/gosched/cmd/gosched/main.go:124.2,130.32 5 0
git.sr.ht/~mytec/gosched/cmd/gosched/main.go:130.32,139.23 6 0
git.sr.ht/~mytec/gosched/cmd/gosched/main.go:139.23,143.4 3 0
git.sr.ht/~mytec/gosched/cmd/gosched/main.go:143.9,145.4 1 0
git.sr.ht/~mytec/gosched/cmd/gosched/main.go:146.3,148.20 2 0
git.sr.ht/~mytec/gosched/cmd/gosched/main.go:148.20,150.4 1 0
git.sr.ht/~mytec/gosched/cmd/gosched/main.go:152.3,154.17 2 0
git.sr.ht/~mytec/gosched/cmd/gosched/main.go:154.17,157.4 2 0
git.sr.ht/~mytec/gosched/cmd/gosched/main.go:159.3,161.21 2 0
git.sr.ht/~mytec/gosched/cmd/gosched/main.go:161.21,164.22 2 0
git.sr.ht/~mytec/gosched/cmd/gosched/main.go:164.22,167.5 2 0
git.sr.ht/~mytec/gosched/cmd/gosched/main.go:167.10,169.5 1 0
git.sr.ht/~mytec/gosched/cmd/gosched/main.go:173.2,174.78 2 0
